2025-12-29 00:01:43.347 [HikariPool-1 housekeeper] WARN  com.zaxxer.hikari.pool.HikariPool  - HikariPool-1 - Thread starvation or clock leap detected (housekeeper delta=2m11s274ms).
2025-12-29 00:04:57.471 [HikariPool-1 housekeeper] WARN  com.zaxxer.hikari.pool.HikariPool  - HikariPool-1 - Thread starvation or clock leap detected (housekeeper delta=3m14s124ms).
2025-12-29 00:07:19.122 [HikariPool-1 housekeeper] WARN  com.zaxxer.hikari.pool.HikariPool  - HikariPool-1 - Thread starvation or clock leap detected (housekeeper delta=1m51s646ms).
2025-12-29 00:12:05.737 [HikariPool-1 housekeeper] WARN  com.zaxxer.hikari.pool.HikariPool  - HikariPool-1 - Thread starvation or clock leap detected (housekeeper delta=4m46s614ms).
2025-12-29 00:18:31.256 [HikariPool-1 housekeeper] WARN  com.zaxxer.hikari.pool.HikariPool  - HikariPool-1 - Thread starvation or clock leap detected (housekeeper delta=5m55s516ms).
2025-12-29 00:24:49.784 [HikariPool-1 housekeeper] WARN  com.zaxxer.hikari.pool.HikariPool  - HikariPool-1 - Thread starvation or clock leap detected (housekeeper delta=5m48s518ms).
2025-12-29 00:29:11.517 [HikariPool-1 housekeeper] WARN  com.zaxxer.hikari.pool.HikariPool  - HikariPool-1 - Thread starvation or clock leap detected (housekeeper delta=3m7s366ms).
2025-12-29 00:33:27.444 [HikariPool-1 housekeeper] WARN  com.zaxxer.hikari.pool.HikariPool  - HikariPool-1 - Thread starvation or clock leap detected (housekeeper delta=4m15s927ms).
2025-12-29 00:35:22.482 [HikariPool-1 housekeeper] WARN  com.zaxxer.hikari.pool.HikariPool  - HikariPool-1 - Thread starvation or clock leap detected (housekeeper delta=1m55s37ms).
2025-12-29 00:38:49.786 [HikariPool-1 housekeeper] WARN  com.zaxxer.hikari.pool.HikariPool  - HikariPool-1 - Thread starvation or clock leap detected (housekeeper delta=3m27s304ms).
2025-12-29 00:41:25.834 [HikariPool-1 housekeeper] WARN  com.zaxxer.hikari.pool.HikariPool  - HikariPool-1 - Thread starvation or clock leap detected (housekeeper delta=2m6s44ms).
2025-12-29 00:44:27.921 [HikariPool-1 housekeeper] WARN  com.zaxxer.hikari.pool.HikariPool  - HikariPool-1 - Thread starvation or clock leap detected (housekeeper delta=3m2s87ms).
2025-12-29 00:47:37.027 [HikariPool-1 housekeeper] WARN  com.zaxxer.hikari.pool.HikariPool  - HikariPool-1 - Thread starvation or clock leap detected (housekeeper delta=3m9s106ms).
2025-12-29 00:52:12.528 [HikariPool-1 housekeeper] WARN  com.zaxxer.hikari.pool.HikariPool  - HikariPool-1 - Thread starvation or clock leap detected (housekeeper delta=4m35s501ms).
2025-12-29 00:55:31.074 [HikariPool-1 housekeeper] WARN  com.zaxxer.hikari.pool.HikariPool  - HikariPool-1 - Thread starvation or clock leap detected (housekeeper delta=2m41s432ms).
2025-12-29 02:16:43.181 [HikariPool-1 housekeeper] WARN  com.zaxxer.hikari.pool.HikariPool  - HikariPool-1 - Thread starvation or clock leap detected (housekeeper delta=1h21m12s107ms).
2025-12-29 03:09:29.304 [HikariPool-1 housekeeper] WARN  com.zaxxer.hikari.pool.HikariPool  - HikariPool-1 - Thread starvation or clock leap detected (housekeeper delta=52m46s123ms).
2025-12-29 04:53:07.299 [HikariPool-1 housekeeper] WARN  com.zaxxer.hikari.pool.HikariPool  - HikariPool-1 - Thread starvation or clock leap detected (housekeeper delta=1h43m7s984ms).
2025-12-29 04:55:18.092 [HikariPool-1 housekeeper] WARN  com.zaxxer.hikari.pool.HikariPool  - HikariPool-1 - Thread starvation or clock leap detected (housekeeper delta=2m10s793ms).
2025-12-29 05:10:25.139 [HikariPool-1 housekeeper] WARN  com.zaxxer.hikari.pool.HikariPool  - HikariPool-1 - Thread starvation or clock leap detected (housekeeper delta=15m7s47ms).
2025-12-29 05:25:51.248 [HikariPool-1 housekeeper] WARN  com.zaxxer.hikari.pool.HikariPool  - HikariPool-1 - Thread starvation or clock leap detected (housekeeper delta=14m56s99ms).
2025-12-29 05:42:01.328 [HikariPool-1 housekeeper] WARN  com.zaxxer.hikari.pool.HikariPool  - HikariPool-1 - Thread starvation or clock leap detected (housekeeper delta=16m10s80ms).
2025-12-29 06:11:41.909 [HikariPool-1 housekeeper] WARN  com.zaxxer.hikari.pool.HikariPool  - HikariPool-1 - Thread starvation or clock leap detected (housekeeper delta=29m40s581ms).
2025-12-29 06:45:47.657 [HikariPool-1 housekeeper] WARN  com.zaxxer.hikari.pool.HikariPool  - HikariPool-1 - Thread starvation or clock leap detected (housekeeper delta=34m5s748ms).
2025-12-29 07:12:40.236 [HikariPool-1 housekeeper] WARN  com.zaxxer.hikari.pool.HikariPool  - HikariPool-1 - Thread starvation or clock leap detected (housekeeper delta=26m52s579ms).
2025-12-29 07:31:03.267 [HikariPool-1 housekeeper] WARN  com.zaxxer.hikari.pool.HikariPool  - HikariPool-1 - Thread starvation or clock leap detected (housekeeper delta=18m23s31ms).
2025-12-29 07:36:18.636 [HikariPool-1 housekeeper] WARN  com.zaxxer.hikari.pool.HikariPool  - HikariPool-1 - Thread starvation or clock leap detected (housekeeper delta=5m15s369ms).
2025-12-29 07:40:06.566 [HikariPool-1 housekeeper] WARN  com.zaxxer.hikari.pool.HikariPool  - HikariPool-1 - Thread starvation or clock leap detected (housekeeper delta=3m47s930ms).
2025-12-29 07:56:48.724 [HikariPool-1 housekeeper] WARN  com.zaxxer.hikari.pool.HikariPool  - HikariPool-1 - Thread starvation or clock leap detected (housekeeper delta=16m12s157ms).
2025-12-29 08:13:22.983 [HikariPool-1 housekeeper] WARN  com.zaxxer.hikari.pool.HikariPool  - HikariPool-1 - Thread starvation or clock leap detected (housekeeper delta=16m34s259ms).
2025-12-29 08:45:47.525 [HikariPool-1 housekeeper] WARN  com.zaxxer.hikari.pool.HikariPool  - HikariPool-1 - Thread starvation or clock leap detected (housekeeper delta=31m54s530ms).
2025-12-29 08:52:44.766 [HikariPool-1 housekeeper] WARN  com.zaxxer.hikari.pool.HikariPool  - HikariPool-1 - Thread starvation or clock leap detected (housekeeper delta=6m27s232ms).
2025-12-29 09:08:13.707 [HikariPool-1 housekeeper] WARN  com.zaxxer.hikari.pool.HikariPool  - HikariPool-1 - Thread starvation or clock leap detected (housekeeper delta=15m28s942ms).
2025-12-29 10:58:43.328 [http-nio-8080-exec-9] INFO  c.e.c.l.RequestResponseLoggingFilter 76768406-31ea-426b-ab78-fdec1dc2f95a - HTTP POST /api/auth/login | status=200 | duration=153ms | req={"email":"bishal@example.com","password":"secret123"} | res={"token":"eyJhbGciOiJIUzI1NiJ9.eyJzdWIiOiJiaXNoYWxAZXhhbXBsZS5jb20iLCJpYXQiOjE3NjY5ODYxMjMsImV4cCI6MTc2NzA3MjUyM30.lthXx2sRcR4aLQGSBBX6PbU_guhq3YUWdNofK_ZqG9o"}
2025-12-29 10:59:01.919 [http-nio-8080-exec-2] INFO  c.e.c.l.RequestResponseLoggingFilter b73e41c3-33a7-4451-89d0-a8a77692da6d - HTTP POST /api/run/cpp | status=200 | duration=1222ms | req={"language":"cpp","code":"#include <bits/stdc++.h>\nusing namespace std;\n\nint main() {\n    ios::sync_with_stdio(false);\n    cin.tie(nullptr);\n    \n    string s;\n    while (getline(cin, s)) {\n        cout << s << \"\\n\";\n    }\n    return 0;\n}","stdin":"hello"} | res={"exitCode":0,"stdout":"hello\n","stderr":""}
2025-12-29 10:59:17.824 [http-nio-8080-exec-3] INFO  c.e.c.l.RequestResponseLoggingFilter 54ee24e1-d0ac-4da4-a259-07b6d549b743 - HTTP POST /api/run/java | status=200 | duration=1060ms | req={"language":"java","code":"import java.io.*;\nimport java.util.*;\n\nclass Main {\n    public static void main(String[] args) throws Exception {\n        BufferedReader br = new BufferedReader(new InputStreamReader(System.in));\n        String line;\n        while ((line = br.readLine()) != null) {\n            System.out.println(line);\n        }\n    }\n}","stdin":"kam karle"} | res={"exitCode":0,"stdout":"kam karle\n","stderr":""}
2025-12-29 10:59:44.475 [http-nio-8080-exec-4] INFO  c.e.c.l.RequestResponseLoggingFilter 82e2d02c-b531-4382-a6b7-8d1c1f35bf86 - HTTP POST /api/run/cpp | status=200 | duration=1079ms | req={"language":"cpp","code":"#include <bits/stdc++.h>\nusing namespace std;\n\nint main() {\n    ios::sync_with_stdio(false);\n    cin.tie(nullptr);\n    \n    string s;\n    while (getline(cin, s)) {\n        cout << s <<\" world\" << \"\\n\";\n    }\n    return 0;\n}","stdin":"hello"} | res={"exitCode":0,"stdout":"hello world\n","stderr":""}
2025-12-29 11:01:03.700 [http-nio-8080-exec-6] INFO  c.e.c.l.RequestResponseLoggingFilter 464c571d-3af1-47e4-a0c4-2d20d3aa67b0 - HTTP POST /api/auth/login | status=200 | duration=110ms | req={"email":"bishal@example.com","password":"secret123"} | res={"token":"eyJhbGciOiJIUzI1NiJ9.eyJzdWIiOiJiaXNoYWxAZXhhbXBsZS5jb20iLCJpYXQiOjE3NjY5ODYyNjMsImV4cCI6MTc2NzA3MjY2M30.nCe65TU-w0-NN5SP5MZykBv5jWpmEJbGiAB7JKCbG-o"}
2025-12-29 11:01:20.481 [http-nio-8080-exec-7] INFO  c.e.c.l.RequestResponseLoggingFilter 687a6b6d-47b9-4ca5-848c-d371d30ffb9e - HTTP POST /api/run/cpp | status=200 | duration=6077ms | req={"language":"cpp","code":"#include <bits/stdc++.h>\nusing namespace std;\n\nint main() {\n    ios::sync_with_stdio(false);\n    cin.tie(nullptr);\n    \n    // string s;\n    // while (getline(cin, s)) {\n    //     cout << s << \"\\n\";\n    // }\n    while(1){}\n    return 0;\n}","stdin":""} | res={"exitCode":124,"stdout":"","stderr":""}
2025-12-29 12:01:44.031 [HikariPool-1 housekeeper] WARN  com.zaxxer.hikari.pool.HikariPool  - HikariPool-1 - Thread starvation or clock leap detected (housekeeper delta=15m28s505ms).
2025-12-29 12:08:14.481 [HikariPool-1 housekeeper] WARN  com.zaxxer.hikari.pool.HikariPool  - HikariPool-1 - Thread starvation or clock leap detected (housekeeper delta=6m442ms).
2025-12-29 12:25:19.771 [HikariPool-1 housekeeper] WARN  com.zaxxer.hikari.pool.HikariPool  - HikariPool-1 - Thread starvation or clock leap detected (housekeeper delta=14m5s247ms).
2025-12-29 12:42:18.245 [HikariPool-1 housekeeper] WARN  com.zaxxer.hikari.pool.HikariPool  - HikariPool-1 - Thread starvation or clock leap detected (housekeeper delta=15m28s447ms).
2025-12-29 12:58:16.821 [HikariPool-1 housekeeper] WARN  com.zaxxer.hikari.pool.HikariPool  - HikariPool-1 - Thread starvation or clock leap detected (housekeeper delta=15m28s593ms).
2025-12-29 13:03:00.429 [HikariPool-1 housekeeper] WARN  com.zaxxer.hikari.pool.HikariPool  - HikariPool-1 - Thread starvation or clock leap detected (housekeeper delta=4m43s608ms).
2025-12-29 13:08:09.540 [HikariPool-1 housekeeper] WARN  com.zaxxer.hikari.pool.HikariPool  - HikariPool-1 - Thread starvation or clock leap detected (housekeeper delta=4m39s101ms).
2025-12-29 13:16:22.490 [HikariPool-1 housekeeper] WARN  com.zaxxer.hikari.pool.HikariPool  - HikariPool-1 - Thread starvation or clock leap detected (housekeeper delta=7m42s941ms).
2025-12-29 15:05:39.003 [HikariPool-1 housekeeper] WARN  com.zaxxer.hikari.pool.HikariPool  - HikariPool-1 - Thread starvation or clock leap detected (housekeeper delta=52m16s72ms).
2025-12-29 15:24:55.258 [HikariPool-1 housekeeper] WARN  com.zaxxer.hikari.pool.HikariPool  - HikariPool-1 - Thread starvation or clock leap detected (housekeeper delta=19m16s255ms).
2025-12-29 15:27:44.773 [HikariPool-1 housekeeper] WARN  com.zaxxer.hikari.pool.HikariPool  - HikariPool-1 - Thread starvation or clock leap detected (housekeeper delta=2m49s515ms).
2025-12-29 15:28:33.272 [HikariPool-1 housekeeper] WARN  com.zaxxer.hikari.pool.HikariPool  - HikariPool-1 - Thread starvation or clock leap detected (housekeeper delta=48s499ms).
2025-12-29 15:31:19.107 [HikariPool-1 housekeeper] WARN  com.zaxxer.hikari.pool.HikariPool  - HikariPool-1 - Thread starvation or clock leap detected (housekeeper delta=2m45s835ms).
2025-12-29 15:40:48.157 [HikariPool-1 housekeeper] WARN  com.zaxxer.hikari.pool.HikariPool  - HikariPool-1 - Thread starvation or clock leap detected (housekeeper delta=9m29s50ms).
2025-12-29 15:54:10.193 [HikariPool-1 housekeeper] WARN  com.zaxxer.hikari.pool.HikariPool  - HikariPool-1 - Thread starvation or clock leap detected (housekeeper delta=13m22s36ms).
2025-12-29 16:14:40.842 [HikariPool-1 housekeeper] WARN  com.zaxxer.hikari.pool.HikariPool  - HikariPool-1 - Thread starvation or clock leap detected (housekeeper delta=20m30s649ms).
2025-12-29 17:15:39.065 [HikariPool-1 housekeeper] WARN  com.zaxxer.hikari.pool.HikariPool  - HikariPool-1 - Thread starvation or clock leap detected (housekeeper delta=1h28s218ms).
2025-12-29 17:36:58.405 [HikariPool-1 housekeeper] WARN  com.zaxxer.hikari.pool.HikariPool  - HikariPool-1 - Thread starvation or clock leap detected (housekeeper delta=21m19s340ms).
2025-12-29 18:10:19.995 [HikariPool-1 housekeeper] WARN  com.zaxxer.hikari.pool.HikariPool  - HikariPool-1 - Thread starvation or clock leap detected (housekeeper delta=33m21s590ms).
2025-12-29 18:31:10.617 [HikariPool-1 housekeeper] WARN  com.zaxxer.hikari.pool.HikariPool  - HikariPool-1 - Thread starvation or clock leap detected (housekeeper delta=20m50s622ms).
2025-12-29 18:32:31.576 [HikariPool-1 housekeeper] WARN  com.zaxxer.hikari.pool.HikariPool  - HikariPool-1 - Thread starvation or clock leap detected (housekeeper delta=1m20s959ms).
2025-12-29 18:36:53.341 [HikariPool-1 housekeeper] WARN  com.zaxxer.hikari.pool.HikariPool  - HikariPool-1 - Thread starvation or clock leap detected (housekeeper delta=4m21s765ms).
2025-12-29 18:41:19.554 [HikariPool-1 housekeeper] WARN  com.zaxxer.hikari.pool.HikariPool  - HikariPool-1 - Thread starvation or clock leap detected (housekeeper delta=4m26s213ms).
2025-12-29 18:46:15.776 [HikariPool-1 housekeeper] WARN  com.zaxxer.hikari.pool.HikariPool  - HikariPool-1 - Thread starvation or clock leap detected (housekeeper delta=4m56s222ms).
2025-12-29 18:47:03.643 [HikariPool-1 housekeeper] WARN  com.zaxxer.hikari.pool.HikariPool  - HikariPool-1 - Thread starvation or clock leap detected (housekeeper delta=47s867ms).
2025-12-29 18:58:45.403 [HikariPool-1 housekeeper] WARN  com.zaxxer.hikari.pool.HikariPool  - HikariPool-1 - Thread starvation or clock leap detected (housekeeper delta=11m41s760ms).
2025-12-29 19:03:23.335 [HikariPool-1 housekeeper] WARN  com.zaxxer.hikari.pool.HikariPool  - HikariPool-1 - Thread starvation or clock leap detected (housekeeper delta=4m37s932ms).
2025-12-29 19:04:33.652 [HikariPool-1 housekeeper] WARN  com.zaxxer.hikari.pool.HikariPool  - HikariPool-1 - Thread starvation or clock leap detected (housekeeper delta=1m10s317ms).
2025-12-29 19:08:18.574 [HikariPool-1 housekeeper] WARN  com.zaxxer.hikari.pool.HikariPool  - HikariPool-1 - Thread starvation or clock leap detected (housekeeper delta=3m44s922ms).
2025-12-29 19:09:24.549 [HikariPool-1 housekeeper] WARN  com.zaxxer.hikari.pool.HikariPool  - HikariPool-1 - Thread starvation or clock leap detected (housekeeper delta=1m5s975ms).
2025-12-29 19:12:31.595 [HikariPool-1 housekeeper] WARN  com.zaxxer.hikari.pool.HikariPool  - HikariPool-1 - Thread starvation or clock leap detected (housekeeper delta=3m7s46ms).
2025-12-29 19:14:13.524 [HikariPool-1 housekeeper] WARN  com.zaxxer.hikari.pool.HikariPool  - HikariPool-1 - Thread starvation or clock leap detected (housekeeper delta=1m41s929ms).
2025-12-29 19:17:48.797 [HikariPool-1 housekeeper] WARN  com.zaxxer.hikari.pool.HikariPool  - HikariPool-1 - Thread starvation or clock leap detected (housekeeper delta=3m35s272ms).
2025-12-29 19:19:48.908 [HikariPool-1 housekeeper] WARN  com.zaxxer.hikari.pool.HikariPool  - HikariPool-1 - Thread starvation or clock leap detected (housekeeper delta=2m112ms).
2025-12-29 19:22:11.855 [HikariPool-1 housekeeper] WARN  com.zaxxer.hikari.pool.HikariPool  - HikariPool-1 - Thread starvation or clock leap detected (housekeeper delta=2m22s947ms).
2025-12-29 19:26:52.269 [HikariPool-1 housekeeper] WARN  com.zaxxer.hikari.pool.HikariPool  - HikariPool-1 - Thread starvation or clock leap detected (housekeeper delta=3m32s343ms).
2025-12-29 19:31:05.581 [HikariPool-1 housekeeper] WARN  com.zaxxer.hikari.pool.HikariPool  - HikariPool-1 - Thread starvation or clock leap detected (housekeeper delta=3m11s978ms).
2025-12-29 19:34:30.634 [HikariPool-1 housekeeper] WARN  com.zaxxer.hikari.pool.HikariPool  - HikariPool-1 - Thread starvation or clock leap detected (housekeeper delta=2m19s275ms).
2025-12-29 19:35:43.216 [HikariPool-1 housekeeper] WARN  com.zaxxer.hikari.pool.HikariPool  - HikariPool-1 - Thread starvation or clock leap detected (housekeeper delta=1m12s582ms).
2025-12-29 19:38:47.923 [HikariPool-1 housekeeper] WARN  com.zaxxer.hikari.pool.HikariPool  - HikariPool-1 - Thread starvation or clock leap detected (housekeeper delta=2m34s700ms).
2025-12-29 19:40:07.998 [HikariPool-1 housekeeper] WARN  com.zaxxer.hikari.pool.HikariPool  - HikariPool-1 - Thread starvation or clock leap detected (housekeeper delta=50s67ms).
2025-12-29 19:41:42.868 [HikariPool-1 housekeeper] WARN  com.zaxxer.hikari.pool.HikariPool  - HikariPool-1 - Thread starvation or clock leap detected (housekeeper delta=1m34s870ms).
2025-12-29 19:44:32.592 [HikariPool-1 housekeeper] WARN  com.zaxxer.hikari.pool.HikariPool  - HikariPool-1 - Thread starvation or clock leap detected (housekeeper delta=2m19s714ms).
2025-12-29 19:46:32.853 [HikariPool-1 housekeeper] WARN  com.zaxxer.hikari.pool.HikariPool  - HikariPool-1 - Thread starvation or clock leap detected (housekeeper delta=2m261ms).
2025-12-29 19:49:14.521 [HikariPool-1 housekeeper] WARN  com.zaxxer.hikari.pool.HikariPool  - HikariPool-1 - Thread starvation or clock leap detected (housekeeper delta=2m41s668ms).
2025-12-29 19:50:28.307 [HikariPool-1 housekeeper] WARN  com.zaxxer.hikari.pool.HikariPool  - HikariPool-1 - Thread starvation or clock leap detected (housekeeper delta=1m13s785ms).
2025-12-29 19:55:03.963 [HikariPool-1 housekeeper] WARN  com.zaxxer.hikari.pool.HikariPool  - HikariPool-1 - Thread starvation or clock leap detected (housekeeper delta=4m5s650ms).
2025-12-29 19:57:07.997 [HikariPool-1 housekeeper] WARN  com.zaxxer.hikari.pool.HikariPool  - HikariPool-1 - Thread starvation or clock leap detected (housekeeper delta=2m4s33ms).
2025-12-29 19:58:05.969 [HikariPool-1 housekeeper] WARN  com.zaxxer.hikari.pool.HikariPool  - HikariPool-1 - Thread starvation or clock leap detected (housekeeper delta=57s973ms).
2025-12-29 20:00:04.067 [HikariPool-1 housekeeper] WARN  com.zaxxer.hikari.pool.HikariPool  - HikariPool-1 - Thread starvation or clock leap detected (housekeeper delta=1m58s98ms).
2025-12-29 20:05:42.831 [HikariPool-1 housekeeper] WARN  com.zaxxer.hikari.pool.HikariPool  - HikariPool-1 - Thread starvation or clock leap detected (housekeeper delta=5m38s764ms).
2025-12-29 20:06:33.288 [HikariPool-1 housekeeper] WARN  com.zaxxer.hikari.pool.HikariPool  - HikariPool-1 - Thread starvation or clock leap detected (housekeeper delta=50s457ms).
2025-12-29 20:08:25.137 [HikariPool-1 housekeeper] WARN  com.zaxxer.hikari.pool.HikariPool  - HikariPool-1 - Thread starvation or clock leap detected (housekeeper delta=1m51s849ms).
2025-12-29 20:12:27.818 [HikariPool-1 housekeeper] WARN  com.zaxxer.hikari.pool.HikariPool  - HikariPool-1 - Thread starvation or clock leap detected (housekeeper delta=3m32s670ms).
2025-12-29 20:16:57.052 [HikariPool-1 housekeeper] WARN  com.zaxxer.hikari.pool.HikariPool  - HikariPool-1 - Thread starvation or clock leap detected (housekeeper delta=4m29s234ms).
2025-12-29 20:21:47.413 [HikariPool-1 housekeeper] WARN  com.zaxxer.hikari.pool.HikariPool  - HikariPool-1 - Thread starvation or clock leap detected (housekeeper delta=4m50s361ms).
2025-12-29 20:22:38.264 [HikariPool-1 housekeeper] WARN  com.zaxxer.hikari.pool.HikariPool  - HikariPool-1 - Thread starvation or clock leap detected (housekeeper delta=50s851ms).
2025-12-29 20:23:29.507 [HikariPool-1 housekeeper] WARN  com.zaxxer.hikari.pool.HikariPool  - HikariPool-1 - Thread starvation or clock leap detected (housekeeper delta=51s243ms).
2025-12-29 20:29:27.588 [HikariPool-1 housekeeper] WARN  com.zaxxer.hikari.pool.HikariPool  - HikariPool-1 - Thread starvation or clock leap detected (housekeeper delta=5m58s81ms).
2025-12-29 20:32:30.025 [HikariPool-1 housekeeper] WARN  com.zaxxer.hikari.pool.HikariPool  - HikariPool-1 - Thread starvation or clock leap detected (housekeeper delta=3m2s437ms).
2025-12-29 20:34:48.606 [HikariPool-1 housekeeper] WARN  com.zaxxer.hikari.pool.HikariPool  - HikariPool-1 - Thread starvation or clock leap detected (housekeeper delta=2m18s581ms).
2025-12-29 20:37:25.133 [HikariPool-1 housekeeper] WARN  com.zaxxer.hikari.pool.HikariPool  - HikariPool-1 - Thread starvation or clock leap detected (housekeeper delta=2m36s527ms).
2025-12-29 20:39:34.914 [HikariPool-1 housekeeper] WARN  com.zaxxer.hikari.pool.HikariPool  - HikariPool-1 - Thread starvation or clock leap detected (housekeeper delta=2m9s781ms).
2025-12-29 20:43:34.222 [HikariPool-1 housekeeper] WARN  com.zaxxer.hikari.pool.HikariPool  - HikariPool-1 - Thread starvation or clock leap detected (housekeeper delta=3m59s308ms).
2025-12-29 20:48:42.753 [HikariPool-1 housekeeper] WARN  com.zaxxer.hikari.pool.HikariPool  - HikariPool-1 - Thread starvation or clock leap detected (housekeeper delta=5m8s531ms).
2025-12-29 20:51:13.373 [HikariPool-1 housekeeper] WARN  com.zaxxer.hikari.pool.HikariPool  - HikariPool-1 - Thread starvation or clock leap detected (housekeeper delta=2m30s620ms).
2025-12-29 20:54:13.940 [HikariPool-1 housekeeper] WARN  com.zaxxer.hikari.pool.HikariPool  - HikariPool-1 - Thread starvation or clock leap detected (housekeeper delta=3m566ms).
2025-12-29 20:56:27.767 [HikariPool-1 housekeeper] WARN  com.zaxxer.hikari.pool.HikariPool  - HikariPool-1 - Thread starvation or clock leap detected (housekeeper delta=2m13s828ms).
2025-12-29 21:01:50.434 [HikariPool-1 housekeeper] WARN  com.zaxxer.hikari.pool.HikariPool  - HikariPool-1 - Thread starvation or clock leap detected (housekeeper delta=5m22s667ms).
2025-12-29 21:04:41.542 [HikariPool-1 housekeeper] WARN  com.zaxxer.hikari.pool.HikariPool  - HikariPool-1 - Thread starvation or clock leap detected (housekeeper delta=2m51s108ms).
2025-12-29 21:06:35.376 [HikariPool-1 housekeeper] WARN  com.zaxxer.hikari.pool.HikariPool  - HikariPool-1 - Thread starvation or clock leap detected (housekeeper delta=1m53s834ms).
2025-12-29 21:09:38.472 [HikariPool-1 housekeeper] WARN  com.zaxxer.hikari.pool.HikariPool  - HikariPool-1 - Thread starvation or clock leap detected (housekeeper delta=3m3s96ms).
2025-12-29 21:11:41.836 [HikariPool-1 housekeeper] WARN  com.zaxxer.hikari.pool.HikariPool  - HikariPool-1 - Thread starvation or clock leap detected (housekeeper delta=2m3s364ms).
2025-12-29 21:13:52.768 [HikariPool-1 housekeeper] WARN  com.zaxxer.hikari.pool.HikariPool  - HikariPool-1 - Thread starvation or clock leap detected (housekeeper delta=1m37s120ms).
2025-12-29 21:17:16.411 [HikariPool-1 housekeeper] WARN  com.zaxxer.hikari.pool.HikariPool  - HikariPool-1 - Thread starvation or clock leap detected (housekeeper delta=3m23s643ms).
2025-12-29 21:19:12.470 [HikariPool-1 housekeeper] WARN  com.zaxxer.hikari.pool.HikariPool  - HikariPool-1 - Thread starvation or clock leap detected (housekeeper delta=1m19s891ms).
2025-12-29 21:20:57.513 [HikariPool-1 housekeeper] WARN  com.zaxxer.hikari.pool.HikariPool  - HikariPool-1 - Thread starvation or clock leap detected (housekeeper delta=1m45s43ms).
2025-12-29 21:25:07.888 [HikariPool-1 housekeeper] WARN  com.zaxxer.hikari.pool.HikariPool  - HikariPool-1 - Thread starvation or clock leap detected (housekeeper delta=3m2s230ms).
2025-12-29 21:25:54.475 [HikariPool-1 housekeeper] WARN  com.zaxxer.hikari.pool.HikariPool  - HikariPool-1 - Thread starvation or clock leap detected (housekeeper delta=46s587ms).
2025-12-29 21:26:47.934 [HikariPool-1 housekeeper] WARN  com.zaxxer.hikari.pool.HikariPool  - HikariPool-1 - Thread starvation or clock leap detected (housekeeper delta=53s459ms).
2025-12-29 21:28:20.595 [HikariPool-1 housekeeper] WARN  com.zaxxer.hikari.pool.HikariPool  - HikariPool-1 - Thread starvation or clock leap detected (housekeeper delta=1m2s657ms).
2025-12-29 21:29:12.927 [HikariPool-1 housekeeper] WARN  com.zaxxer.hikari.pool.HikariPool  - HikariPool-1 - Thread starvation or clock leap detected (housekeeper delta=52s333ms).
2025-12-29 21:31:20.427 [HikariPool-1 housekeeper] WARN  com.zaxxer.hikari.pool.HikariPool  - HikariPool-1 - Thread starvation or clock leap detected (housekeeper delta=1m37s490ms).
2025-12-29 21:32:29.410 [HikariPool-1 housekeeper] WARN  com.zaxxer.hikari.pool.HikariPool  - HikariPool-1 - Thread starvation or clock leap detected (housekeeper delta=1m8s983ms).
2025-12-29 21:34:10.479 [HikariPool-1 housekeeper] WARN  com.zaxxer.hikari.pool.HikariPool  - HikariPool-1 - Thread starvation or clock leap detected (housekeeper delta=1m41s69ms).
2025-12-29 21:35:58.828 [HikariPool-1 housekeeper] WARN  com.zaxxer.hikari.pool.HikariPool  - HikariPool-1 - Thread starvation or clock leap detected (housekeeper delta=1m48s349ms).
2025-12-29 21:36:44.345 [HikariPool-1 housekeeper] WARN  com.zaxxer.hikari.pool.HikariPool  - HikariPool-1 - Thread starvation or clock leap detected (housekeeper delta=45s517ms).
2025-12-29 21:38:34.781 [HikariPool-1 housekeeper] WARN  com.zaxxer.hikari.pool.HikariPool  - HikariPool-1 - Thread starvation or clock leap detected (housekeeper delta=1m50s436ms).
2025-12-29 21:41:12.722 [HikariPool-1 housekeeper] WARN  com.zaxxer.hikari.pool.HikariPool  - HikariPool-1 - Thread starvation or clock leap detected (housekeeper delta=2m37s941ms).
2025-12-29 21:48:28.330 [HikariPool-1 housekeeper] WARN  com.zaxxer.hikari.pool.HikariPool  - HikariPool-1 - Thread starvation or clock leap detected (housekeeper delta=6m36s813ms).
2025-12-29 21:49:27.067 [HikariPool-1 housekeeper] WARN  com.zaxxer.hikari.pool.HikariPool  - HikariPool-1 - Thread starvation or clock leap detected (housekeeper delta=58s737ms).
2025-12-29 21:52:19.053 [HikariPool-1 housekeeper] WARN  com.zaxxer.hikari.pool.HikariPool  - HikariPool-1 - Thread starvation or clock leap detected (housekeeper delta=2m51s986ms).
2025-12-29 21:55:31.358 [HikariPool-1 housekeeper] WARN  com.zaxxer.hikari.pool.HikariPool  - HikariPool-1 - Thread starvation or clock leap detected (housekeeper delta=3m12s305ms).
2025-12-29 21:57:35.704 [HikariPool-1 housekeeper] WARN  com.zaxxer.hikari.pool.HikariPool  - HikariPool-1 - Thread starvation or clock leap detected (housekeeper delta=50s612ms).
2025-12-29 21:58:22.950 [HikariPool-1 housekeeper] WARN  com.zaxxer.hikari.pool.HikariPool  - HikariPool-1 - Thread starvation or clock leap detected (housekeeper delta=47s246ms).
2025-12-29 22:01:46.768 [HikariPool-1 housekeeper] WARN  com.zaxxer.hikari.pool.HikariPool  - HikariPool-1 - Thread starvation or clock leap detected (housekeeper delta=2m11s428ms).
2025-12-29 22:04:44.075 [HikariPool-1 housekeeper] WARN  com.zaxxer.hikari.pool.HikariPool  - HikariPool-1 - Thread starvation or clock leap detected (housekeeper delta=2m27s296ms).
2025-12-29 22:08:11.103 [HikariPool-1 housekeeper] WARN  com.zaxxer.hikari.pool.HikariPool  - HikariPool-1 - Thread starvation or clock leap detected (housekeeper delta=3m27s27ms).
2025-12-29 22:10:58.889 [HikariPool-1 housekeeper] WARN  com.zaxxer.hikari.pool.HikariPool  - HikariPool-1 - Thread starvation or clock leap detected (housekeeper delta=2m3s28ms).
2025-12-29 22:17:46.365 [HikariPool-1 housekeeper] WARN  com.zaxxer.hikari.pool.HikariPool  - HikariPool-1 - Thread starvation or clock leap detected (housekeeper delta=6m47s476ms).
2025-12-29 22:25:24.651 [HikariPool-1 housekeeper] WARN  com.zaxxer.hikari.pool.HikariPool  - HikariPool-1 - Thread starvation or clock leap detected (housekeeper delta=7m38s286ms).
2025-12-29 22:36:27.188 [HikariPool-1 housekeeper] WARN  com.zaxxer.hikari.pool.HikariPool  - HikariPool-1 - Thread starvation or clock leap detected (housekeeper delta=10m28s752ms).
2025-12-29 23:07:30.991 [HikariPool-1 housekeeper] WARN  com.zaxxer.hikari.pool.HikariPool  - HikariPool-1 - Thread starvation or clock leap detected (housekeeper delta=30m33s794ms).
2025-12-29 23:36:50.759 [HikariPool-1 housekeeper] WARN  com.zaxxer.hikari.pool.HikariPool  - HikariPool-1 - Thread starvation or clock leap detected (housekeeper delta=28m49s757ms).
2025-12-29 23:39:11.115 [HikariPool-1 housekeeper] WARN  com.zaxxer.hikari.pool.HikariPool  - HikariPool-1 - Thread starvation or clock leap detected (housekeeper delta=1m50s360ms).
2025-12-29 23:42:58.249 [HikariPool-1 housekeeper] WARN  com.zaxxer.hikari.pool.HikariPool  - HikariPool-1 - Thread starvation or clock leap detected (housekeeper delta=3m47s134ms).
2025-12-29 23:47:55.105 [HikariPool-1 housekeeper] WARN  com.zaxxer.hikari.pool.HikariPool  - HikariPool-1 - Thread starvation or clock leap detected (housekeeper delta=4m56s856ms).
2025-12-29 23:52:39.993 [HikariPool-1 housekeeper] WARN  com.zaxxer.hikari.pool.HikariPool  - HikariPool-1 - Thread starvation or clock leap detected (housekeeper delta=4m44s888ms).
